// Jest Snapshot v1, https://goo.gl/fbAQLP

exports[`<Button /> should match snapshot 1`] = `
<button
  style="max-width: 220px; width: 100%; height: 30px; padding: 3px; border-radius: 17px;"
>
  Load more posts
</button>
`;
